// Vitest Snapshot v1, https://vitest.dev/guide/snapshot.html

exports[`Objects > Skeleton > toJSON 1`] = `
{
  "boneInverses": [
    [
      1,
      0,
      0,
      0,
      0,
      1,
      0,
      0,
      0,
      0,
      1,
      0,
      0,
      0,
      0,
      1,
    ],
    [
      1,
      0,
      0,
      0,
      0,
      1,
      0,
      0,
      0,
      0,
      1,
      0,
      0,
      0,
      0,
      1,
    ],
    [
      1,
      0,
      0,
      0,
      0,
      1,
      0,
      0,
      0,
      0,
      1,
      0,
      0,
      0,
      0,
      1,
    ],
  ],
  "bones": [
    "67f50833-ee0f-4d7a-b326-751057ac4d41",
    "53c519fb-0ede-4ebd-9861-ebca457e4654",
    "62bbd12f-0a27-42fe-a2a7-f040d91b2152",
  ],
  "metadata": {
    "generator": "Skeleton.toJSON",
    "type": "Skeleton",
    "version": 4.5,
  },
  "uuid": "14e0bc18-e2f2-4d3b-ab56-90561fcf1afd",
}
`;
