// Vitest Snapshot v1, https://vitest.dev/guide/snapshot.html

exports[`Materials > ShaderMaterial > toJSON 1`] = `
{
  "clipping": false,
  "colorWrite": true,
  "depthFunc": 3,
  "depthTest": true,
  "depthWrite": true,
  "fog": false,
  "forceSinglePass": true,
  "fragmentShader": "
void main() {
	gl_FragColor = vec4( 1.0, 0.0, 0.0, 1.0 );
}
",
  "glslVersion": null,
  "lights": false,
  "metadata": {
    "generator": "Material.toJSON",
    "type": "Material",
    "version": 4.5,
  },
  "stencilFail": 7680,
  "stencilFunc": 519,
  "stencilFuncMask": 255,
  "stencilRef": 0,
  "stencilWrite": false,
  "stencilWriteMask": 255,
  "stencilZFail": 7680,
  "stencilZPass": 7680,
  "type": "ShaderMaterial",
  "uniforms": {},
  "uuid": "d8c485c3-df12-4143-9149-b249facd67f7",
  "vertexShader": "
void main() {
	gl_Position = projectionMatrix * modelViewMatrix * vec4( position, 1.0 );
}
",
  "wireframeLinecap": undefined,
  "wireframeLinejoin": undefined,
}
`;
